// Jest Snapshot v1, https://goo.gl/fbAQLP

exports[`renders homepage unchanged 1`] = `
<div>
  <div
    class="flex flex-col h-screen justify-between items-center"
  >
    <main>
      <h1
        class="text-2xl font-bold underline"
      >
         Recipes 
      </h1>
      <input
        placeholder="Search first..."
      />
      No results yet
    </main>
    <footer
      class=""
    >
      <p
        class="text-xl"
      >
        Recipes collection curated from TikTok
      </p>
    </footer>
  </div>
</div>
`;
